{#4572
  +"message": "Place retrieved successfully!"
  +"data": {#4500
    +"id": 1
    +"name": """
      5944 Borer Shores\n
      Ceceliamouth, KS 26416
      """
    +"latitude": -36.721016
    +"longitude": -0.67208
    +"image": null
    +"accessibility_data": null
    +"created_at": "15 Feb 2026 - 07:03 PM"
    +"updated_at": "15 Feb 2026 - 07:03 PM"
    +"description": "Harum sit excepturi quos nostrum distinctio. Dolores qui quia illum. Eveniet aliquam perspiciatis aliquam unde. Voluptatem nulla voluptatem harum et aut voluptate perferendis. Ipsum natus porro quod nemo."
    +"visitors_count": 2
    +"rating": 0
    +"rating_distribution": []
    +"top_reviews": []
    +"is_favorite": false
    +"top_visitors": array:2 [
      0 => {#4503
        +"id": 4
        +"name": "Prof. Bernardo Cartwright"
        +"image": null
        +"pivot": {#4502
          +"place_id": 1
          +"user_id": 4
          +"created_at": "2026-02-15T19:03:06.000000Z"
          +"updated_at": "2026-02-15T19:03:06.000000Z"
        }
      }
      1 => {#4504
        +"id": 5
        +"name": "Joel Larkin"
        +"image": null
        +"pivot": {#4569
          +"place_id": 1
          +"user_id": 5
          +"created_at": "2026-02-15T19:03:06.000000Z"
          +"updated_at": "2026-02-15T19:03:06.000000Z"
        }
      }
    ]
    +"owner": {#4501
      +"id": 1
      +"name": "Dr. Vada Lebsack II"
      +"email": "jovanny.bechtelar@example.net"
      +"email_verified_at": "15 Feb 2026 - 07:03 PM"
      +"role": "organization"
      +"phone": null
      +"age": null
      +"follow_doctor": null
      +"image": null
      +"created_at": "15 Feb 2026 - 07:03 PM"
      +"updated_at": "15 Feb 2026 - 07:03 PM"
      +"language": "en"
    }
  }
} // vendor\laravel\framework\src\Illuminate\Testing\TestResponse.php:1810

   FAIL  Tests\Feature\VisitorTrackingTest
  Γ£ô user can record visit only once                                                                              1.10s  
  Γ£ô top visitors attribute returns first three                                                                   0.04s  
  Γ¿» visitors count can be included                                                                               0.07s  
  ΓöÇΓöÇΓöÇΓöÇΓöÇΓöÇΓöÇΓöÇΓöÇΓöÇΓöÇΓöÇΓöÇΓöÇΓöÇΓöÇΓöÇΓöÇΓöÇΓöÇΓöÇΓöÇΓöÇΓöÇΓöÇΓöÇΓöÇΓöÇΓöÇΓöÇΓöÇΓöÇΓöÇΓöÇΓöÇΓöÇΓöÇΓöÇΓöÇΓöÇΓöÇΓöÇΓöÇΓöÇΓöÇΓöÇΓöÇΓöÇΓöÇΓöÇΓöÇΓöÇΓöÇΓöÇΓöÇΓöÇΓöÇΓöÇΓöÇΓöÇΓöÇΓöÇΓöÇΓöÇΓöÇΓöÇΓöÇΓöÇΓöÇΓöÇΓöÇΓöÇΓöÇΓöÇΓöÇΓöÇΓöÇΓöÇΓöÇΓöÇΓöÇΓöÇΓöÇΓöÇΓöÇΓöÇΓöÇΓöÇΓöÇΓöÇΓöÇΓöÇΓöÇΓöÇΓöÇΓöÇΓöÇΓöÇΓöÇΓöÇΓöÇΓöÇΓöÇΓöÇΓöÇΓöÇΓöÇΓöÇΓöÇΓöÇΓöÇΓöÇΓöÇΓöÇΓöÇΓöÇ  
   FAILED  Tests\Feature\VisitorTrackingTest > visitors count can be included                                           
  Failed asserting that null is identical to 2.

  at tests\Feature\VisitorTrackingTest.php:61
     57Γûò 
     58Γûò         $response = $this->getJson("/api/places/{$place->id}?include=visitors_count");
     59Γûò         $response->assertStatus(200);
     60Γûò         $response->dump();
  Γ₧£  61Γûò         $response->assertJsonPath('parameters.visitors_count', 2);
     62Γûò     }
     63Γûò }
     64Γûò


  Tests:    1 failed, 2 passed (8 assertions)
  Duration: 1.42s

